#-----------------------------------------------------------
# Vivado v2018.3 (64-bit)
# SW Build 2405991 on Thu Dec  6 23:38:27 MST 2018
# IP Build 2404404 on Fri Dec  7 01:43:56 MST 2018
# Start of session at: Wed May 12 23:23:15 2021
# Process ID: 4804
# Current directory: C:/Users/Kaizyn/Documents/MySmallProjects/hdu2021COPractice/08_CPU1
# Command line: vivado.exe -gui_launcher_event rodinguilauncherevent5224 C:\Users\Kaizyn\Documents\MySmallProjects\hdu2021COPractice\08_CPU1\08_CPU1.xpr
# Log file: C:/Users/Kaizyn/Documents/MySmallProjects/hdu2021COPractice/08_CPU1/vivado.log
# Journal file: C:/Users/Kaizyn/Documents/MySmallProjects/hdu2021COPractice/08_CPU1\vivado.jou
#-----------------------------------------------------------
start_gui
open_project C:/Users/Kaizyn/Documents/MySmallProjects/hdu2021COPractice/08_CPU1/08_CPU1.xpr
update_compile_order -fileset sources_1
export_ip_user_files -of_objects  [get_files C:/Users/Kaizyn/Documents/MySmallProjects/hdu2021COPractice/08_CPU1/CU1.v] -no_script -reset -force -quiet
remove_files  C:/Users/Kaizyn/Documents/MySmallProjects/hdu2021COPractice/08_CPU1/CU1.v
add_files -norecurse C:/Users/Kaizyn/Documents/MySmallProjects/hdu2021COPractice/08_CPU1/CPU1.v
update_compile_order -fileset sources_1
launch_runs synth_1 -jobs 4
wait_on_run synth_1
update_compile_order -fileset sources_1
reset_run synth_1
launch_runs synth_1 -jobs 4
wait_on_run synth_1
reset_run synth_1
launch_runs synth_1 -jobs 4
wait_on_run synth_1
reset_run synth_1
launch_runs synth_1 -jobs 4
wait_on_run synth_1
reset_run synth_1
launch_runs synth_1 -jobs 4
wait_on_run synth_1
reset_run synth_1
launch_runs synth_1 -jobs 4
wait_on_run synth_1
reset_run synth_1
launch_runs synth_1 -jobs 4
wait_on_run synth_1
reset_run synth_1
launch_runs synth_1 -jobs 4
wait_on_run synth_1
reset_run synth_1
launch_runs synth_1 -jobs 4
wait_on_run synth_1
